==========================================
秘塔AI搜索知识库同步流水线
开始时间: 2026-07-22 10:27:40
==========================================
使用环境变量 METASO_COOKIE

检查依赖...
  node: v20.x
  markitdown: 已安装
  git: git version 2.x

===== 阶段1: 同步拉取 =====
[fetch] Cookie验证通过
[fetch] 正在获取知识库列表...
[fetch]   source=SUBSCRIPTION: 1 个知识库 (共 1 个)
[fetch]   source=CREATE: 0 个知识库 (共 0 个)
[fetch]   source=CHARGEABLE: 0 个知识库 (共 0 个)
[fetch] 共获取 1 个知识库:
[fetch]   [1] 股票深度分析-专注泛科技类股票解读（持续更新） (1204 条内容, source=SUBSCRIPTION)
[fetch] [1/1] 处理知识库: 股票深度分析-专注泛科技类股票解读（持续更新）
[fetch] 获取知识库目录结构...
[fetch]   根目录下 4 个子项
[fetch]   文件夹1: 269 个文件
[fetch]   文件夹2: 203 个文件
[fetch]   文件夹3: 589 个文件
[fetch]   文件夹4: 143 个文件
[fetch]   目录结构已保存 (1204 个文件)
[fetch] 获取知识库的文章...
[fetch]   共获取 1 篇文章
[fetch]   文章已保存 (1 篇)
阶段1完成: 共 1 个知识库, 1204 个文件

===== 阶段2: 转换为Markdown =====
[convert] [1/1] 转换知识库: 股票深度分析-专注泛科技类股票解读（持续更新）
[convert]   索引已生成 (1204 个文件)
阶段2完成

===== 阶段3: 生成分析报告 =====
[report] 进行词频分析...
[report] 知识库索引已生成: INDEX.md
[report] 同步报告已生成: report_2026-07-22.md
阶段3完成: 已生成知识库索引和同步报告（含分析总结）

===== 阶段4: 推送到Gitee =====
[push] 初始化Git仓库...
[push] 已复制 1020 个Markdown文件
[push] 已复制 2 个报告文件
[push] 推送到 git@gitee.com:xiaxuchen/stock_cai.git (main)...
[push] 推送成功！
阶段4完成: Gitee推送结束

==========================================
流水线执行完毕
结束时间: 2026-07-22 11:05:50
==========================================

数据统计:
- 知识库数量: 1
- 原始文件总数: 1204
- Markdown文件: 1020
- 总行数: 214,614
- 总大小: 13.2 MB
- 覆盖股票数: 438
- 个股报告数: 529
- 时间跨度: 2025-12 到 2026-06

Gitee仓库: git@gitee.com:xiaxuchen/stock_cai.git
