[2026-07-24 10:41:52] ==========================================
[2026-07-24 10:41:52] 秘塔AI搜索知识库同步流水线
[2026-07-24 10:41:52] 开始时间: 2026-07-24 10:41:52
[2026-07-24 10:41:52] ==========================================
[2026-07-24 10:41:52] 使用环境变量 METASO_COOKIE
[2026-07-24 10:41:52] 检查依赖...
[2026-07-24 10:41:53]   node: v18.20.5
[2026-07-24 10:41:53] 警告: 未找到 markitdown，将跳过文件格式转换
[2026-07-24 10:41:53] 安装: pip3 install 'markitdown[all]' --break-system-packages
[2026-07-24 10:41:53]   git: git version 2.39.5 (Apple Git-154)
[2026-07-24 10:41:53] 
[2026-07-24 10:41:53] ===== 阶段1: 同步拉取 =====
[2026-07-24T02:41:53.277Z] [fetch] Cookie: tid=4308574b-0946-4833-9385-5d96eb0770f9; __eventn...
[2026-07-24T02:41:53.278Z] [fetch] 验证认证有效性...
[2026-07-24T02:41:54.358Z] [fetch] Cookie验证通过: uid=undefined, nickname=N/A
[2026-07-24T02:41:54.358Z] [fetch] 正在获取知识库列表...
[2026-07-24T02:41:54.358Z] [fetch] 获取 source=SUBSCRIPTION 的知识库...
[2026-07-24T02:41:54.845Z] [fetch]   source=SUBSCRIPTION: 1 个知识库 (共 1 个)
[2026-07-24T02:41:55.349Z] [fetch] 获取 source=CREATE 的知识库...
[2026-07-24T02:41:56.020Z] [fetch]   source=CREATE: 0 个知识库 (共 0 个)
[2026-07-24T02:41:56.521Z] [fetch] 获取 source=CHARGEABLE 的知识库...
[2026-07-24T02:41:56.964Z] [fetch]   source=CHARGEABLE: 0 个知识库 (共 0 个)
[2026-07-24T02:41:57.465Z] [fetch] 
共获取 1 个知识库:
[2026-07-24T02:41:57.466Z] [fetch]   [1] 股票深度分析-专注泛科技类股票解读（持续更新） (1209 条内容, source=SUBSCRIPTION)
[2026-07-24T02:41:57.468Z] [fetch] 
[1/1] 处理知识库: 股票深度分析-专注泛科技类股票解读（持续更新）
[2026-07-24T02:41:58.968Z] [fetch] 获取知识库 [股票深度分析-专注泛科技类股票解读（持续更新）] (8686703614395555840) 的目录结构...
[2026-07-24T02:41:59.271Z] [fetch]   根目录下 4 个子项
[2026-07-24T02:41:59.272Z] [fetch]   获取文件夹 8691288145229668352 的内容...
[2026-07-24T02:42:01.548Z] [fetch]     文件夹 8691288145229668352: 592 个文件
[2026-07-24T02:42:01.551Z] [fetch]   获取文件夹 8691288404685115392 的内容...
[2026-07-24T02:42:03.234Z] [fetch]     文件夹 8691288404685115392: 270 个文件
[2026-07-24T02:42:03.234Z] [fetch]   获取文件夹 8697876494660444160 的内容...
[2026-07-24T02:42:04.688Z] [fetch]     文件夹 8697876494660444160: 204 个文件
[2026-07-24T02:42:04.688Z] [fetch]   获取文件夹 8703349579396997120 的内容...
[2026-07-24T02:42:06.145Z] [fetch]     文件夹 8703349579396997120: 143 个文件
[2026-07-24T02:42:06.159Z] [fetch]   目录结构已保存 (1209 个文件)
[2026-07-24T02:42:07.661Z] [fetch] 获取知识库 [股票深度分析-专注泛科技类股票解读（持续更新）] 的文章...
[2026-07-24T02:42:08.551Z] [fetch]   共获取 1 篇文章
[2026-07-24T02:42:08.554Z] [fetch]   文章已保存 (1 篇)
[2026-07-24T02:42:09.699Z] [fetch] 
阶段1完成: 共 1 个知识库, 1209 个文件
[2026-07-24 10:42:09] 阶段1完成
[2026-07-24 10:42:09] 
[2026-07-24 10:42:09] ===== 阶段2: 转换为Markdown =====
[2026-07-24T02:42:09.751Z] [convert] [1/1] 转换知识库: 股票深度分析-专注泛科技类股票解读（持续更新）
[2026-07-24T02:42:09.756Z] [convert]   索引已生成 (1209 个文件)
[2026-07-24T02:42:09.756Z] [convert] 
开始用 markItDown 转换下载的文件...
[2026-07-24T02:42:09.766Z] [convert] 共 1147 个文件需要转换
[2026-07-24T02:42:09.773Z] [convert]   markItDown转换失败: 2025-AI应用出海龙头PK.pdf - Command failed: /tmp/build/dist/bin/markitdown "/Users/xuchen.xia/.trae-cn/work/6a62c729b5d7ff36a8e4
[2026-07-24T02:42:09.779Z] [convert]   markItDown转换失败: 2025-AI应用龙头PK.pdf - Command failed: /tmp/build/dist/bin/markitdown "/Users/xuchen.xia/.trae-cn/work/6a62c729b5d7ff36a8e4
[2026-07-24T02:42:09.786Z] [convert]   markItDown转换失败: 2025-三花智控，拓普集团，绿的谐波对比分析.pdf - Command failed: /tmp/build/dist/bin/markitdown "/Users/xuchen.xia/.trae-cn/work/6a62c729b5d7ff36a8e4
[2026-07-24T02:42:09.792Z] [convert]   markItDown转换失败: 2025-人形机器人之灵巧手核心标的PK.pdf - Command failed: /tmp/build/dist/bin/markitdown "/Users/xuchen.xia/.trae-cn/work/6a62c729b5d7ff36a8e4
[2026-07-24T02:42:09.799Z] [convert]   markItDown转换失败: 2025-人形机器人减速器核心标的PK.pdf - Command failed: /tmp/build/dist/bin/markitdown "/Users/xuchen.xia/.trae-cn/work/6a62c729b5d7ff36a8e4
[2026-07-24T02:42:09.804Z] [convert]   markItDown转换失败: 2025-光储三巨头深度PK.pdf - Command failed: /tmp/build/dist/bin/markitdown "/Users/xuchen.xia/.trae-cn/work/6a62c729b5d7ff36a8e4
[2026-07-24T02:42:09.811Z] [convert]   markItDown转换失败: 2025-六氟磷酸锂龙头PK.pdf - Command failed: /tmp/build/dist/bin/markitdown "/Users/xuchen.xia/.trae-cn/work/6a62c729b5d7ff36a8e4
[2026-07-24T02:42:09.816Z] [convert]   markItDown转换失败: 2025-卫星互联网核心标的PK.pdf - Command failed: /tmp/build/dist/bin/markitdown "/Users/xuchen.xia/.trae-cn/work/6a62c729b5d7ff36a8e4
[2026-07-24T02:42:09.822Z] [convert]   markItDown转换失败: 2025-卫星通信核心标的PK.pdf - Command failed: /tmp/build/dist/bin/markitdown "/Users/xuchen.xia/.trae-cn/work/6a62c729b5d7ff36a8e4
[2026-07-24T02:42:09.828Z] [convert]   markItDown转换失败: 2025-可控核聚变核心标的PK.pdf - Command failed: /tmp/build/dist/bin/markitdown "/Users/xuchen.xia/.trae-cn/work/6a62c729b5d7ff36a8e4
[2026-07-24T02:42:09.834Z] [convert]   markItDown转换失败: 2025-固态电解质三剑客PK.pdf - Command failed: /tmp/build/dist/bin/markitdown "/Users/xuchen.xia/.trae-cn/work/6a62c729b5d7ff36a8e4
[2026-07-24T02:42:09.842Z] [convert]   markItDown转换失败: 2025-存储三剑客PK.pdf - Command failed: /tmp/build/dist/bin/markitdown "/Users/xuchen.xia/.trae-cn/work/6a62c729b5d7ff36a8e4
[2026-07-24T02:42:09.849Z] [convert]   markItDown转换失败: 2025-存储芯片设计三剑客PK.pdf - Command failed: /tmp/build/dist/bin/markitdown "/Users/xuchen.xia/.trae-cn/work/6a62c729b5d7ff36a8e4
[2026-07-24T02:42:09.856Z] [convert]   markItDown转换失败: 2025-摩尔线程VS寒武纪.pdf - Command failed: /tmp/build/dist/bin/markitdown "/Users/xuchen.xia/.trae-cn/work/6a62c729b5d7ff36a8e4
[2026-07-24T02:42:09.863Z] [convert]   markItDown转换失败: 2025-新能源汽车三巨头.pdf - Command failed: /tmp/build/dist/bin/markitdown "/Users/xuchen.xia/.trae-cn/work/6a62c729b5d7ff36a8e4
[2026-07-24T02:42:09.869Z] [convert]   markItDown转换失败: 2025-歌尔股份VS立讯精密.pdf - Command failed: /tmp/build/dist/bin/markitdown "/Users/xuchen.xia/.trae-cn/work/6a62c729b5d7ff36a8e4
[2026-07-24T02:42:09.877Z] [convert]   markItDown转换失败: 2025-焦点科技VS省广集团.pdf - Command failed: /tmp/build/dist/bin/markitdown "/Users/xuchen.xia/.trae-cn/work/6a62c729b5d7ff36a8e4
[2026-07-24T02:42:09.884Z] [convert]   markItDown转换失败: 2025-电网设备龙头PK.pdf - Command failed: /tmp/build/dist/bin/markitdown "/Users/xuchen.xia/.trae-cn/work/6a62c729b5d7ff36a8e4
[2026-07-24T02:42:09.891Z] [convert]   markItDown转换失败: 2025-空天计算核心标的PK.pdf - Command failed: /tmp/build/dist/bin/markitdown "/Users/xuchen.xia/.trae-cn/work/6a62c729b5d7ff36a8e4
[2026-07-24T02:42:09.896Z] [convert]   markItDown转换失败: 2025-立讯精密，欧菲光，华力创通：华为核心供应商对比分析.pdf - Command failed: /tmp/build/dist/bin/markitdown "/Users/xuchen.xia/.trae-cn/work/6a62c729b5d7ff36a8e4
[2026-07-24T02:42:09.904Z] [convert]   markItDown转换失败: 2025-立讯精密，长盈精密，领益智造：精密智造龙头对比.pdf - Command failed: /tmp/build/dist/bin/markitdown "/Users/xuchen.xia/.trae-cn/work/6a62c729b5d7ff36a8e4
[2026-07-24T02:42:09.911Z] [convert]   markItDown转换失败: 2025-端侧AI芯片三巨头PK.pdf - Command failed: /tmp/build/dist/bin/markitdown "/Users/xuchen.xia/.trae-cn/work/6a62c729b5d7ff36a8e4
[2026-07-24T02:42:09.918Z] [convert]   markItDown转换失败: 2025-航天动力VS中国卫星.pdf - Command failed: /tmp/build/dist/bin/markitdown "/Users/xuchen.xia/.trae-cn/work/6a62c729b5d7ff36a8e4
[2026-07-24T02:42:09.926Z] [convert]   markItDown转换失败: 2025-航天发展，航天动力，航天机电.pdf - Command failed: /tmp/build/dist/bin/markitdown "/Users/xuchen.xia/.trae-cn/work/6a62c729b5d7ff36a8e4
[2026-07-24T02:42:09.933Z] [convert]   markItDown转换失败: 2025-谷歌概念核心映射：芯原股份、赛微电子、长芯博创对比分析.pdf - Command failed: /tmp/build/dist/bin/markitdown "/Users/xuchen.xia/.trae-cn/work/6a62c729b5d7ff36a8e4
[2026-07-24T02:42:09.940Z] [convert]   markItDown转换失败: 2025-谷歌硬件三剑客基本面对比分析.pdf - Command failed: /tmp/build/dist/bin/markitdown "/Users/xuchen.xia/.trae-cn/work/6a62c729b5d7ff36a8e4
[2026-07-24T02:42:09.940Z] [convert]   [50/1147] 跳过(已存在): 20251209-300763-锦浪科技.pdf
[2026-07-24T02:42:09.941Z] [convert]   [100/1147] 跳过(已存在): 20251215-003021-兆威机电.pdf
[2026-07-24T02:42:09.942Z] [convert]   [150/1147] 跳过(已存在): 20251225-液冷产业链.pdf
[2026-07-24T02:42:09.943Z] [convert]   [200/1147] 跳过(已存在): 20260109-存储芯片产业十大A股上市公司.pdf
[2026-07-24T02:42:09.944Z] [convert]   [250/1147] 跳过(已存在): 20260116-301511-德福科技.pdf
[2026-07-24T02:42:09.945Z] [convert]   [300/1147] 跳过(已存在): 20260128-600426-华鲁恒升.pdf
[2026-07-24T02:42:09.946Z] [convert]   [350/1147] 跳过(已存在): 20260204-变压器产业链十大核心公司.pptx
[2026-07-24T02:42:09.947Z] [convert]   [400/1147] 跳过(已存在): 20260211-太空算力产业链十大核心公司.pdf
[2026-07-24T02:42:09.948Z] [convert]   [450/1147] 跳过(已存在): 20260219-605488-福莱新材.pdf
[2026-07-24T02:42:09.948Z] [convert]   [500/1147] 跳过(已存在): 20260227-600460-士兰微.pdf
[2026-07-24T02:42:09.949Z] [convert]   [550/1147] 跳过(已存在): 20260306-兆瓦闪充主题十大核心公司.pdf
[2026-07-24T02:42:09.950Z] [convert]   [600/1147] 跳过(已存在): 20260314-风电产业链十大核心公司.pptx
[2026-07-24T02:42:09.950Z] [convert]   [650/1147] 跳过(已存在): 20260325-亿纬锂能、鹏辉能源、欣旺达：谁的弹性最强？.pdf
[2026-07-24T02:42:09.958Z] [convert]   markItDown转换失败: 20260406-OCS产业链十大核心公司.pdf - Command failed: /tmp/build/dist/bin/markitdown "/Users/xuchen.xia/.trae-cn/work/6a62c729b5d7ff36a8e4
[2026-07-24T02:42:09.965Z] [convert]   markItDown转换失败: 20260406-光库科技、中际旭创、腾景科技：OCS产业链三强对比分析.pdf - Command failed: /tmp/build/dist/bin/markitdown "/Users/xuchen.xia/.trae-cn/work/6a62c729b5d7ff36a8e4
[2026-07-24T02:42:09.965Z] [convert]   [700/1147] 跳过(已存在): 20260408_有机硅产业链TOP10分析.pdf
[2026-07-24T02:42:09.966Z] [convert]   [750/1147] 跳过(已存在): 20260423_688146_中船特气.pdf
[2026-07-24T02:42:09.967Z] [convert]   [800/1147] 跳过(已存在): 20260504_000893_亚钾国际.pdf
[2026-07-24T02:42:09.967Z] [convert]   [850/1147] 跳过(已存在): 20260516_300285_国瓷材料.pdf
[2026-07-24T02:42:09.968Z] [convert]   [900/1147] 跳过(已存在): 20260526_超节点核心公司PK_寒武纪VS中科曙光VS中际旭创.pdf
[2026-07-24T02:42:09.969Z] [convert]   [950/1147] 跳过(已存在): 20260603_603296_华勤技术.pdf
[2026-07-24T02:42:09.969Z] [convert]   [1000/1147] 跳过(已存在): 20260614_300442_润泽科技.pdf
[2026-07-24T02:42:09.970Z] [convert]   [1050/1147] 跳过(已存在): 20260620_英特尔供应链核心公司PK-澜起科技vs中际旭创vs通富微电.pdf
[2026-07-24T02:42:09.970Z] [convert]   [1100/1147] 跳过(已存在): 20260627_605111_新洁能.pdf
[2026-07-24T02:42:09.977Z] [convert]   markItDown转换失败: 20260628_600110_诺德股份.pdf - Command failed: /tmp/build/dist/bin/markitdown "/Users/xuchen.xia/.trae-cn/work/6a62c729b5d7ff36a8e4
[2026-07-24T02:42:09.984Z] [convert]   markItDown转换失败: 20260629_600584_长电科技.pdf - Command failed: /tmp/build/dist/bin/markitdown "/Users/xuchen.xia/.trae-cn/work/6a62c729b5d7ff36a8e4
[2026-07-24T02:42:09.992Z] [convert]   markItDown转换失败: 20260629_688072_拓荆科技.pdf - Command failed: /tmp/build/dist/bin/markitdown "/Users/xuchen.xia/.trae-cn/work/6a62c729b5d7ff36a8e4
[2026-07-24T02:42:09.999Z] [convert]   markItDown转换失败: 20260629_HBF高带宽闪存概念10家核心公司投资分析.pdf - Command failed: /tmp/build/dist/bin/markitdown "/Users/xuchen.xia/.trae-cn/work/6a62c729b5d7ff36a8e4
[2026-07-24T02:42:10.006Z] [convert]   markItDown转换失败: 20260629_HBF高带宽闪存概念核心公司PK-长电科技vs飞凯材料vs拓荆科技.pdf - Command failed: /tmp/build/dist/bin/markitdown "/Users/xuchen.xia/.trae-cn/work/6a62c729b5d7ff36a8e4
[2026-07-24T02:42:10.013Z] [convert]   markItDown转换失败: 20260630_301308_江波龙.pdf - Command failed: /tmp/build/dist/bin/markitdown "/Users/xuchen.xia/.trae-cn/work/6a62c729b5d7ff36a8e4
[2026-07-24T02:42:10.020Z] [convert]   markItDown转换失败: 20260630_闪迪供应链概念八家核心公司投资分析.pdf - Command failed: /tmp/build/dist/bin/markitdown "/Users/xuchen.xia/.trae-cn/work/6a62c729b5d7ff36a8e4
[2026-07-24T02:42:10.026Z] [convert]   markItDown转换失败: 20260630_闪迪供应链概念核心公司PK-长电科技vs太极实业vs江波龙.pdf - Command failed: /tmp/build/dist/bin/markitdown "/Users/xuchen.xia/.trae-cn/work/6a62c729b5d7ff36a8e4
[2026-07-24T02:42:10.033Z] [convert]   markItDown转换失败: 20260701_000725_京东方A.pdf - Command failed: /tmp/build/dist/bin/markitdown "/Users/xuchen.xia/.trae-cn/work/6a62c729b5d7ff36a8e4
[2026-07-24T02:42:10.041Z] [convert]   markItDown转换失败: 20260701_002430_杭氧股份.pdf - Command failed: /tmp/build/dist/bin/markitdown "/Users/xuchen.xia/.trae-cn/work/6a62c729b5d7ff36a8e4
[2026-07-24T02:42:10.047Z] [convert]   markItDown转换失败: 20260701_002600_领益智造.pdf - Command failed: /tmp/build/dist/bin/markitdown "/Users/xuchen.xia/.trae-cn/work/6a62c729b5d7ff36a8e4
[2026-07-24T02:42:10.053Z] [convert]   markItDown转换失败: 20260701_300115_长盈精密.pdf - Command failed: /tmp/build/dist/bin/markitdown "/Users/xuchen.xia/.trae-cn/work/6a62c729b5d7ff36a8e4
[2026-07-24T02:42:10.060Z] [convert]   markItDown转换失败: 20260701_300458_全志科技.pdf - Command failed: /tmp/build/dist/bin/markitdown "/Users/xuchen.xia/.trae-cn/work/6a62c729b5d7ff36a8e4
[2026-07-24T02:42:10.067Z] [convert]   markItDown转换失败: 20260701_301338_凯格精机.pdf - Command failed: /tmp/build/dist/bin/markitdown "/Users/xuchen.xia/.trae-cn/work/6a62c729b5d7ff36a8e4
[2026-07-24T02:42:10.074Z] [convert]   markItDown转换失败: 20260701_600667_太极实业.pdf - Command failed: /tmp/build/dist/bin/markitdown "/Users/xuchen.xia/.trae-cn/work/6a62c729b5d7ff36a8e4
[2026-07-24T02:42:10.081Z] [convert]   markItDown转换失败: 20260701_603163_圣晖集成.pdf - Command failed: /tmp/build/dist/bin/markitdown "/Users/xuchen.xia/.trae-cn/work/6a62c729b5d7ff36a8e4
[2026-07-24T02:42:10.089Z] [convert]   markItDown转换失败: 20260701_603890_春秋电子.pdf - Command failed: /tmp/build/dist/bin/markitdown "/Users/xuchen.xia/.trae-cn/work/6a62c729b5d7ff36a8e4
[2026-07-24T02:42:10.096Z] [convert]   markItDown转换失败: 20260701_603929_亚翔集成.pdf - Command failed: /tmp/build/dist/bin/markitdown "/Users/xuchen.xia/.trae-cn/work/6a62c729b5d7ff36a8e4
[2026-07-24T02:42:10.103Z] [convert]   markItDown转换失败: 20260701_洁净室工程三强PK_亚翔集成vs太极实业vs圣晖集成.pdf - Command failed: /tmp/build/dist/bin/markitdown "/Users/xuchen.xia/.trae-cn/work/6a62c729b5d7ff36a8e4
[2026-07-24T02:42:10.110Z] [convert]   markItDown转换失败: 20260701_洁净室概念7家核心公司投资分析.pdf - Command failed: /tmp/build/dist/bin/markitdown "/Users/xuchen.xia/.trae-cn/work/6a62c729b5d7ff36a8e4
[2026-07-24T02:42:10.118Z] [convert]   markItDown转换失败: 20260702_301269_华大九天.pdf - Command failed: /tmp/build/dist/bin/markitdown "/Users/xuchen.xia/.trae-cn/work/6a62c729b5d7ff36a8e4
[2026-07-24T02:42:10.126Z] [convert]   markItDown转换失败: 20260702_海光供应链核心公司PK-中科曙光vs通富微电vs华大九天.pdf - Command failed: /tmp/build/dist/bin/markitdown "/Users/xuchen.xia/.trae-cn/work/6a62c729b5d7ff36a8e4
[2026-07-24T02:42:10.133Z] [convert]   markItDown转换失败: 20260702_海光供应链概念8家核心公司投资分析.pdf - Command failed: /tmp/build/dist/bin/markitdown "/Users/xuchen.xia/.trae-cn/work/6a62c729b5d7ff36a8e4
[2026-07-24T02:42:10.141Z] [convert]   markItDown转换失败: 20260703_300433_蓝思科技.pdf - Command failed: /tmp/build/dist/bin/markitdown "/Users/xuchen.xia/.trae-cn/work/6a62c729b5d7ff36a8e4
[2026-07-24T02:42:10.148Z] [convert]   markItDown转换失败: 20260703_空间计算概念九家核心公司投资分析.pdf - Command failed: /tmp/build/dist/bin/markitdown "/Users/xuchen.xia/.trae-cn/work/6a62c729b5d7ff36a8e4
[2026-07-24T02:42:10.156Z] [convert]   markItDown转换失败: 20260703_空间计算概念核心公司PK-歌尔股份vs水晶光电vs蓝思科技.pdf - Command failed: /tmp/build/dist/bin/markitdown "/Users/xuchen.xia/.trae-cn/work/6a62c729b5d7ff36a8e4
[2026-07-24T02:42:10.164Z] [convert]   markItDown转换失败: 20260704_002038_双鹭药业.pdf - Command failed: /tmp/build/dist/bin/markitdown "/Users/xuchen.xia/.trae-cn/work/6a62c729b5d7ff36a8e4
[2026-07-24T02:42:10.171Z] [convert]   markItDown转换失败: 20260704_002549_凯美特气.pdf - Command failed: /tmp/build/dist/bin/markitdown "/Users/xuchen.xia/.trae-cn/work/6a62c729b5d7ff36a8e4
[2026-07-24T02:42:10.178Z] [convert]   markItDown转换失败: 20260704_002923_润都股份.pdf - Command failed: /tmp/build/dist/bin/markitdown "/Users/xuchen.xia/.trae-cn/work/6a62c729b5d7ff36a8e4
[2026-07-24T02:42:10.184Z] [convert]   markItDown转换失败: 20260704_002971_和远气体.pdf - Command failed: /tmp/build/dist/bin/markitdown "/Users/xuchen.xia/.trae-cn/work/6a62c729b5d7ff36a8e4
[2026-07-24T02:42:10.191Z] [convert]   markItDown转换失败: 20260704_具身智能概念九家核心公司投资分析.pdf - Command failed: /tmp/build/dist/bin/markitdown "/Users/xuchen.xia/.trae-cn/work/6a62c729b5d7ff36a8e4
[2026-07-24T02:42:10.197Z] [convert]   markItDown转换失败: 20260704_具身智能概念核心公司PK-绿的谐波vs三花智控vs卧龙电驱.pdf - Command failed: /tmp/build/dist/bin/markitdown "/Users/xuchen.xia/.trae-cn/work/6a62c729b5d7ff36a8e4
[2026-07-24T02:42:10.205Z] [convert]   markItDown转换失败: 20260705_美光供应链核心公司PK-澜起科技_江波龙_太极实业.pdf - Command failed: /tmp/build/dist/bin/markitdown "/Users/xuchen.xia/.trae-cn/work/6a62c729b5d7ff36a8e4
[2026-07-24T02:42:10.212Z] [convert]   markItDown转换失败: 20260705_美光供应链概念十家核心公司投资分析.pdf - Command failed: /tmp/build/dist/bin/markitdown "/Users/xuchen.xia/.trae-cn/work/6a62c729b5d7ff36a8e4
[2026-07-24T02:42:10.219Z] [convert]   markItDown转换失败: 20260706_000333_美的集团.pdf - Command failed: /tmp/build/dist/bin/markitdown "/Users/xuchen.xia/.trae-cn/work/6a62c729b5d7ff36a8e4
[2026-07-24T02:42:10.225Z] [convert]   markItDown转换失败: 20260706_000672_上峰水泥.pdf - Command failed: /tmp/build/dist/bin/markitdown "/Users/xuchen.xia/.trae-cn/work/6a62c729b5d7ff36a8e4
[2026-07-24T02:42:10.231Z] [convert]   markItDown转换失败: 20260706_603986_兆易创新.pdf - Command failed: /tmp/build/dist/bin/markitdown "/Users/xuchen.xia/.trae-cn/work/6a62c729b5d7ff36a8e4
[2026-07-24T02:42:10.236Z] [convert]   markItDown转换失败: 20260706_长鑫存储九家参股公司投资分析.pdf - Command failed: /tmp/build/dist/bin/markitdown "/Users/xuchen.xia/.trae-cn/work/6a62c729b5d7ff36a8e4
[2026-07-24T02:42:10.241Z] [convert]   markItDown转换失败: 20260706_长鑫存储参股公司PK-兆易创新vs美的集团vs上峰水泥.pdf - Command failed: /tmp/build/dist/bin/markitdown "/Users/xuchen.xia/.trae-cn/work/6a62c729b5d7ff36a8e4
[2026-07-24T02:42:10.247Z] [convert]   markItDown转换失败: 20260707-硅电容产业链投资分析.pdf - Command failed: /tmp/build/dist/bin/markitdown "/Users/xuchen.xia/.trae-cn/work/6a62c729b5d7ff36a8e4
[2026-07-24T02:42:10.253Z] [convert]   markItDown转换失败: 20260707_硅电容产业链核心公司PK-火炬电子vs鸿远电子vs宏达电子.pdf - Command failed: /tmp/build/dist/bin/markitdown "/Users/xuchen.xia/.trae-cn/work/6a62c729b5d7ff36a8e4
[2026-07-24T02:42:10.253Z] [convert] 
阶段2完成: 共转换 0 个文件, 69 个失败
[2026-07-24 10:42:10] 阶段2完成
[2026-07-24 10:42:10] 
[2026-07-24 10:42:10] ===== 阶段3: 生成分析报告 =====
[2026-07-24T02:42:10.687Z] [report] 进行词频分析...
[2026-07-24T02:42:10.841Z] [report] 知识库索引已生成: INDEX.md
[2026-07-24T02:42:10.841Z] [report] 同步报告已生成: report_2026-07-24.md
[2026-07-24T02:42:10.841Z] [report] 阶段3完成: 已生成知识库索引和同步报告（含分析总结）
[2026-07-24 10:42:10] 阶段3完成
[2026-07-24 10:42:10] 
[2026-07-24 10:42:10] ===== 阶段4: 推送到Gitee =====
[2026-07-24T02:42:10.887Z] [push] 已复制 0 个Markdown文件
[2026-07-24T02:42:10.896Z] [push] 已复制 13 个报告文件
[2026-07-24T02:42:11.037Z] [push] 推送到 git@gitee.com:xiaxuchen/stock_cai.git (main)...
[2026-07-24T02:42:13.100Z] [push] 推送成功！
[2026-07-24T02:42:13.100Z] [push] 阶段4完成: Gitee推送结束
[2026-07-24 10:42:13] 阶段4完成
[2026-07-24 10:42:13] 
[2026-07-24 10:42:13] ==========================================
[2026-07-24 10:42:13] 流水线执行完毕
[2026-07-24 10:42:13] 结束时间: 2026-07-24 10:42:13
[2026-07-24 10:42:13] 日志文件: /Users/xuchen.xia/.trae-cn/work/6a62c729b5d7ff36a8e41eaf/metaso-sync-run/logs/sync_20260724_104152.log
[2026-07-24 10:42:13] ==========================================
